// Jest Snapshot v1, https://goo.gl/fbAQLP

exports[`TabWrangleOption renders options with exactURLMatch selected 1`] = `
[
  <strong>
    Translated&lt;options_dedupe_label&gt;
  </strong>,
  <div
    className="form-check"
  >
    <input
      checked={false}
      className="form-check-input"
      id="withDupes"
      name="wrangleOption"
      onChange={[MockFunction]}
      type="radio"
      value="withDupes"
    />
    <label
      className="form-check-label"
      htmlFor="withDupes"
    >
      Translated&lt;options_dedupe_option_withDupes&gt;
    </label>
  </div>,
  <div
    className="form-check"
  >
    <input
      checked={true}
      className="form-check-input"
      id="exactURLMatch"
      name="wrangleOption"
      onChange={[MockFunction]}
      type="radio"
      value="exactURLMatch"
    />
    <label
      className="form-check-label"
      htmlFor="exactURLMatch"
    >
      Translated&lt;options_dedupe_option_exactURLMatch&gt;
    </label>
  </div>,
  <div
    className="form-check"
  >
    <input
      checked={false}
      className="form-check-input"
      id="hostnameAndTitleMatch"
      name="wrangleOption"
      onChange={[MockFunction]}
      type="radio"
      value="hostnameAndTitleMatch"
    />
    <label
      className="form-check-label"
      htmlFor="hostnameAndTitleMatch"
    >
      Translated&lt;options_dedupe_option_hostnameAndTitleMatch&gt;
    </label>
  </div>,
  <div
    className="row"
  >
    <div
      className="col-8 form-text text-muted"
      style={
        {
          "marginBottom": 0,
        }
      }
    >
      <dl
        style={
          {
            "marginBottom": 0,
          }
        }
      >
        <dt>
          Translated&lt;options_dedupe_option_withDupes_label&gt;
        </dt>
        <dd>
          Translated&lt;options_dedupe_option_withDupes_description&gt;
        </dd>
        <dt
          style={
            {
              "marginTop": "10px",
            }
          }
        >
          Translated&lt;options_dedupe_option_exactURLMatch_label&gt;
        </dt>
        <dd>
          Translated&lt;options_dedupe_option_exactURLMatch_description&gt;
        </dd>
        <dt
          style={
            {
              "marginTop": "10px",
            }
          }
        >
          Translated&lt;options_dedupe_option_hostnameAndTitleMatch_label&gt;
        </dt>
        <dd>
          Translated&lt;options_dedupe_option_hostnameAndTitleMatch_description&gt;
        </dd>
      </dl>
    </div>
  </div>,
]
`;

exports[`TabWrangleOption renders options with hostnameAndTitleMatch selected 1`] = `
[
  <strong>
    Translated&lt;options_dedupe_label&gt;
  </strong>,
  <div
    className="form-check"
  >
    <input
      checked={false}
      className="form-check-input"
      id="withDupes"
      name="wrangleOption"
      onChange={[MockFunction]}
      type="radio"
      value="withDupes"
    />
    <label
      className="form-check-label"
      htmlFor="withDupes"
    >
      Translated&lt;options_dedupe_option_withDupes&gt;
    </label>
  </div>,
  <div
    className="form-check"
  >
    <input
      checked={false}
      className="form-check-input"
      id="exactURLMatch"
      name="wrangleOption"
      onChange={[MockFunction]}
      type="radio"
      value="exactURLMatch"
    />
    <label
      className="form-check-label"
      htmlFor="exactURLMatch"
    >
      Translated&lt;options_dedupe_option_exactURLMatch&gt;
    </label>
  </div>,
  <div
    className="form-check"
  >
    <input
      checked={true}
      className="form-check-input"
      id="hostnameAndTitleMatch"
      name="wrangleOption"
      onChange={[MockFunction]}
      type="radio"
      value="hostnameAndTitleMatch"
    />
    <label
      className="form-check-label"
      htmlFor="hostnameAndTitleMatch"
    >
      Translated&lt;options_dedupe_option_hostnameAndTitleMatch&gt;
    </label>
  </div>,
  <div
    className="row"
  >
    <div
      className="col-8 form-text text-muted"
      style={
        {
          "marginBottom": 0,
        }
      }
    >
      <dl
        style={
          {
            "marginBottom": 0,
          }
        }
      >
        <dt>
          Translated&lt;options_dedupe_option_withDupes_label&gt;
        </dt>
        <dd>
          Translated&lt;options_dedupe_option_withDupes_description&gt;
        </dd>
        <dt
          style={
            {
              "marginTop": "10px",
            }
          }
        >
          Translated&lt;options_dedupe_option_exactURLMatch_label&gt;
        </dt>
        <dd>
          Translated&lt;options_dedupe_option_exactURLMatch_description&gt;
        </dd>
        <dt
          style={
            {
              "marginTop": "10px",
            }
          }
        >
          Translated&lt;options_dedupe_option_hostnameAndTitleMatch_label&gt;
        </dt>
        <dd>
          Translated&lt;options_dedupe_option_hostnameAndTitleMatch_description&gt;
        </dd>
      </dl>
    </div>
  </div>,
]
`;

exports[`TabWrangleOption renders options with withDupes selected 1`] = `
[
  <strong>
    Translated&lt;options_dedupe_label&gt;
  </strong>,
  <div
    className="form-check"
  >
    <input
      checked={true}
      className="form-check-input"
      id="withDupes"
      name="wrangleOption"
      onChange={[MockFunction]}
      type="radio"
      value="withDupes"
    />
    <label
      className="form-check-label"
      htmlFor="withDupes"
    >
      Translated&lt;options_dedupe_option_withDupes&gt;
    </label>
  </div>,
  <div
    className="form-check"
  >
    <input
      checked={false}
      className="form-check-input"
      id="exactURLMatch"
      name="wrangleOption"
      onChange={[MockFunction]}
      type="radio"
      value="exactURLMatch"
    />
    <label
      className="form-check-label"
      htmlFor="exactURLMatch"
    >
      Translated&lt;options_dedupe_option_exactURLMatch&gt;
    </label>
  </div>,
  <div
    className="form-check"
  >
    <input
      checked={false}
      className="form-check-input"
      id="hostnameAndTitleMatch"
      name="wrangleOption"
      onChange={[MockFunction]}
      type="radio"
      value="hostnameAndTitleMatch"
    />
    <label
      className="form-check-label"
      htmlFor="hostnameAndTitleMatch"
    >
      Translated&lt;options_dedupe_option_hostnameAndTitleMatch&gt;
    </label>
  </div>,
  <div
    className="row"
  >
    <div
      className="col-8 form-text text-muted"
      style={
        {
          "marginBottom": 0,
        }
      }
    >
      <dl
        style={
          {
            "marginBottom": 0,
          }
        }
      >
        <dt>
          Translated&lt;options_dedupe_option_withDupes_label&gt;
        </dt>
        <dd>
          Translated&lt;options_dedupe_option_withDupes_description&gt;
        </dd>
        <dt
          style={
            {
              "marginTop": "10px",
            }
          }
        >
          Translated&lt;options_dedupe_option_exactURLMatch_label&gt;
        </dt>
        <dd>
          Translated&lt;options_dedupe_option_exactURLMatch_description&gt;
        </dd>
        <dt
          style={
            {
              "marginTop": "10px",
            }
          }
        >
          Translated&lt;options_dedupe_option_hostnameAndTitleMatch_label&gt;
        </dt>
        <dd>
          Translated&lt;options_dedupe_option_hostnameAndTitleMatch_description&gt;
        </dd>
      </dl>
    </div>
  </div>,
]
`;
