// Jest Snapshot v1, https://goo.gl/fbAQLP

exports[`should render options with exactURLMatch selected 1`] = `
Array [
  <label
    htmlFor="wrangleOption"
  >
    <strong>
      
    </strong>
  </label>,
  <div
    className="form-check"
  >
    <input
      checked={false}
      className="form-check-input"
      id="withDupes"
      name="wrangleOption"
      onChange={[MockFunction]}
      type="radio"
      value="withDupes"
    />
    <label
      className="form-check-label"
      htmlFor="withDupes"
    >
      
    </label>
  </div>,
  <div
    className="form-check"
  >
    <input
      checked={true}
      className="form-check-input"
      id="exactURLMatch"
      name="wrangleOption"
      onChange={[MockFunction]}
      type="radio"
      value="exactURLMatch"
    />
    <label
      className="form-check-label"
      htmlFor="exactURLMatch"
    >
      
    </label>
  </div>,
  <div
    className="form-check"
  >
    <input
      checked={false}
      className="form-check-input"
      id="hostnameAndTitleMatch"
      name="wrangleOption"
      onChange={[MockFunction]}
      type="radio"
      value="hostnameAndTitleMatch"
    />
    <label
      className="form-check-label"
      htmlFor="hostnameAndTitleMatch"
    >
      
    </label>
  </div>,
  <div
    className="row"
  >
    <div
      className="col-8 form-text text-muted"
      style={
        Object {
          "marginBottom": 0,
        }
      }
    >
      <dl
        style={
          Object {
            "marginBottom": 0,
          }
        }
      >
        <dt>
          
        </dt>
        <dd>
          
        </dd>
        <dt
          style={
            Object {
              "marginTop": "10px",
            }
          }
        >
          
        </dt>
        <dd>
          
        </dd>
        <dt
          style={
            Object {
              "marginTop": "10px",
            }
          }
        >
          
        </dt>
        <dd>
          
        </dd>
      </dl>
    </div>
  </div>,
]
`;

exports[`should render options with hostnameAndTitleMatch selected 1`] = `
Array [
  <label
    htmlFor="wrangleOption"
  >
    <strong>
      
    </strong>
  </label>,
  <div
    className="form-check"
  >
    <input
      checked={false}
      className="form-check-input"
      id="withDupes"
      name="wrangleOption"
      onChange={[MockFunction]}
      type="radio"
      value="withDupes"
    />
    <label
      className="form-check-label"
      htmlFor="withDupes"
    >
      
    </label>
  </div>,
  <div
    className="form-check"
  >
    <input
      checked={false}
      className="form-check-input"
      id="exactURLMatch"
      name="wrangleOption"
      onChange={[MockFunction]}
      type="radio"
      value="exactURLMatch"
    />
    <label
      className="form-check-label"
      htmlFor="exactURLMatch"
    >
      
    </label>
  </div>,
  <div
    className="form-check"
  >
    <input
      checked={true}
      className="form-check-input"
      id="hostnameAndTitleMatch"
      name="wrangleOption"
      onChange={[MockFunction]}
      type="radio"
      value="hostnameAndTitleMatch"
    />
    <label
      className="form-check-label"
      htmlFor="hostnameAndTitleMatch"
    >
      
    </label>
  </div>,
  <div
    className="row"
  >
    <div
      className="col-8 form-text text-muted"
      style={
        Object {
          "marginBottom": 0,
        }
      }
    >
      <dl
        style={
          Object {
            "marginBottom": 0,
          }
        }
      >
        <dt>
          
        </dt>
        <dd>
          
        </dd>
        <dt
          style={
            Object {
              "marginTop": "10px",
            }
          }
        >
          
        </dt>
        <dd>
          
        </dd>
        <dt
          style={
            Object {
              "marginTop": "10px",
            }
          }
        >
          
        </dt>
        <dd>
          
        </dd>
      </dl>
    </div>
  </div>,
]
`;

exports[`should render options with withDupes selected 1`] = `
Array [
  <label
    htmlFor="wrangleOption"
  >
    <strong>
      
    </strong>
  </label>,
  <div
    className="form-check"
  >
    <input
      checked={true}
      className="form-check-input"
      id="withDupes"
      name="wrangleOption"
      onChange={[MockFunction]}
      type="radio"
      value="withDupes"
    />
    <label
      className="form-check-label"
      htmlFor="withDupes"
    >
      
    </label>
  </div>,
  <div
    className="form-check"
  >
    <input
      checked={false}
      className="form-check-input"
      id="exactURLMatch"
      name="wrangleOption"
      onChange={[MockFunction]}
      type="radio"
      value="exactURLMatch"
    />
    <label
      className="form-check-label"
      htmlFor="exactURLMatch"
    >
      
    </label>
  </div>,
  <div
    className="form-check"
  >
    <input
      checked={false}
      className="form-check-input"
      id="hostnameAndTitleMatch"
      name="wrangleOption"
      onChange={[MockFunction]}
      type="radio"
      value="hostnameAndTitleMatch"
    />
    <label
      className="form-check-label"
      htmlFor="hostnameAndTitleMatch"
    >
      
    </label>
  </div>,
  <div
    className="row"
  >
    <div
      className="col-8 form-text text-muted"
      style={
        Object {
          "marginBottom": 0,
        }
      }
    >
      <dl
        style={
          Object {
            "marginBottom": 0,
          }
        }
      >
        <dt>
          
        </dt>
        <dd>
          
        </dd>
        <dt
          style={
            Object {
              "marginTop": "10px",
            }
          }
        >
          
        </dt>
        <dd>
          
        </dd>
        <dt
          style={
            Object {
              "marginTop": "10px",
            }
          }
        >
          
        </dt>
        <dd>
          
        </dd>
      </dl>
    </div>
  </div>,
]
`;
